[debug] [2026-08-11T16:45:38.272Z] ----------------------------------------------------------------------
[debug] [2026-08-11T16:45:38.274Z] Command:       C:\Program Files\nodejs\node.exe C:\Users\AKAASH\AppData\Roaming\npm\node_modules\firebase-tools\lib\bin\firebase.js hosting:sites:list --project a-signal-suite
[debug] [2026-08-11T16:45:38.275Z] CLI Version:   15.15.0
[debug] [2026-08-11T16:45:38.275Z] Platform:      win32
[debug] [2026-08-11T16:45:38.275Z] Node Version:  v24.12.0
[debug] [2026-08-11T16:45:38.275Z] Time:          Tue Aug 11 2026 22:15:38 GMT+0530 (India Standard Time)
[debug] [2026-08-11T16:45:38.275Z] ----------------------------------------------------------------------
[debug] 
[debug] [2026-08-11T16:45:38.288Z] > command requires scopes: ["email","openid","https://www.googleapis.com/auth/cloudplatformprojects.readonly","https://www.googleapis.com/auth/firebase","https://www.googleapis.com/auth/cloud-platform"]
[debug] [2026-08-11T16:45:38.288Z] > authorizing via signed-in user (akaashofficial21@gmail.com)
[debug] [2026-08-11T16:45:38.288Z] [iam] checking project a-signal-suite for permissions ["firebase.projects.get","firebasehosting.sites.get"]
[debug] [2026-08-11T16:45:38.289Z] Checked if tokens are valid: true, expires at: 1786469932682
[debug] [2026-08-11T16:45:38.289Z] Checked if tokens are valid: true, expires at: 1786469932682
[debug] [2026-08-11T16:45:38.290Z] >>> [apiv2][query] POST https://cloudresourcemanager.googleapis.com/v1/projects/a-signal-suite:testIamPermissions [none]
[debug] [2026-08-11T16:45:38.290Z] >>> [apiv2][(partial)header] POST https://cloudresourcemanager.googleapis.com/v1/projects/a-signal-suite:testIamPermissions  x-goog-user-project=a-signal-suite
[debug] [2026-08-11T16:45:38.290Z] >>> [apiv2][body] POST https://cloudresourcemanager.googleapis.com/v1/projects/a-signal-suite:testIamPermissions {"permissions":["firebase.projects.get","firebasehosting.sites.get"]}
[debug] [2026-08-11T16:45:39.888Z] <<< [apiv2][status] POST https://cloudresourcemanager.googleapis.com/v1/projects/a-signal-suite:testIamPermissions 200
[debug] [2026-08-11T16:45:39.889Z] <<< [apiv2][body] POST https://cloudresourcemanager.googleapis.com/v1/projects/a-signal-suite:testIamPermissions {"permissions":["firebase.projects.get","firebasehosting.sites.get"]}
[debug] [2026-08-11T16:45:39.889Z] Checked if tokens are valid: true, expires at: 1786469932682
[debug] [2026-08-11T16:45:39.889Z] Checked if tokens are valid: true, expires at: 1786469932682
[debug] [2026-08-11T16:45:39.890Z] >>> [apiv2][query] GET https://firebasehosting.googleapis.com/v1beta1/projects/a-signal-suite/sites pageToken=&pageSize=10
